00:05:48.781 Running build in Washington, D.C., USA (East) – iad1
00:05:48.781 Build machine configuration: 2 cores, 8 GB
00:05:48.909 Cloning github.com/AAliKKhan/Humanoid_BOOK_by_ALi (Branch: main, Commit: 1bc6572)
00:05:48.910 Previous build caches not available.
00:05:49.117 Cloning completed: 207.000ms
00:05:49.580 Running "vercel build"
00:05:50.021 Vercel CLI 50.1.3
00:05:50.188 WARN! Due to `builds` existing in your configuration file, the Build and Development Settings defined in your Project Settings will not apply. Learn More: https://vercel.link/unused-build-settings
00:05:50.329 Detected `pnpm-lock.yaml` 9 which may be generated by pnpm@9.x or pnpm@10.x
00:05:50.330 Using pnpm@9.x based on project creation date
00:05:50.331 To use pnpm@10.x, manually opt in using corepack (https://vercel.com/docs/deployments/configure-a-build#corepack)
00:05:50.337 Installing dependencies...
00:05:51.102 Progress: resolved 1, reused 0, downloaded 0, added 0
00:05:52.106 Progress: resolved 41, reused 0, downloaded 31, added 0
00:05:53.411 Progress: resolved 61, reused 0, downloaded 46, added 0
00:05:54.412 Progress: resolved 104, reused 0, downloaded 52, added 0
00:05:55.436 Progress: resolved 122, reused 0, downloaded 63, added 0
00:05:56.436 Progress: resolved 123, reused 0, downloaded 68, added 0
00:05:57.468 Progress: resolved 125, reused 0, downloaded 107, added 0
00:05:58.525 Progress: resolved 155, reused 0, downloaded 111, added 0
00:05:59.501 Progress: resolved 160, reused 0, downloaded 111, added 0
00:06:00.487 Progress: resolved 160, reused 0, downloaded 120, added 0
00:06:01.487 Progress: resolved 271, reused 0, downloaded 179, added 0
00:06:02.251 Packages: +291
00:06:02.252 ++++++++++++++++++++++++++++++++++++++++++++++++++++++++++++++++++++++++++++++++
00:06:02.491 Progress: resolved 337, reused 0, downloaded 291, added 33
00:06:03.492 Progress: resolved 337, reused 0, downloaded 291, added 142
00:06:04.493 Progress: resolved 337, reused 0, downloaded 291, added 155
00:06:05.493 Progress: resolved 337, reused 0, downloaded 291, added 161
00:06:06.170 Progress: resolved 337, reused 0, downloaded 292, added 291, done
00:06:06.260 .../node_modules/@clerk/shared postinstall$ node ./scripts/postinstall.mjs
00:06:06.286 .../sharp@0.34.5/node_modules/sharp install$ node install/check.js || npm run build
00:06:06.345 .../node_modules/@clerk/shared postinstall: Done
00:06:06.466 .../sharp@0.34.5/node_modules/sharp install: Done
00:06:06.841 
00:06:06.842 dependencies:
00:06:06.845 + @clerk/nextjs 6.36.5
00:06:06.845 + @clerk/themes 2.4.46
00:06:06.845 + @hookform/resolvers 3.10.0 (5.2.2 is available)
00:06:06.845 + @radix-ui/react-accordion 1.2.2 (1.2.12 is available)
00:06:06.845 + @radix-ui/react-alert-dialog 1.1.4 (1.1.15 is available)
00:06:06.845 + @radix-ui/react-aspect-ratio 1.1.1 (1.1.8 is available)
00:06:06.845 + @radix-ui/react-avatar 1.1.2 (1.1.11 is available)
00:06:06.845 + @radix-ui/react-checkbox 1.1.3 (1.3.3 is available)
00:06:06.845 + @radix-ui/react-collapsible 1.1.2 (1.1.12 is available)
00:06:06.845 + @radix-ui/react-context-menu 2.2.4 (2.2.16 is available)
00:06:06.845 + @radix-ui/react-dialog 1.1.4 (1.1.15 is available)
00:06:06.845 + @radix-ui/react-dropdown-menu 2.1.4 (2.1.16 is available)
00:06:06.845 + @radix-ui/react-hover-card 1.1.4 (1.1.15 is available)
00:06:06.845 + @radix-ui/react-label 2.1.1 (2.1.8 is available)
00:06:06.845 + @radix-ui/react-menubar 1.1.4 (1.1.16 is available)
00:06:06.846 + @radix-ui/react-navigation-menu 1.2.3 (1.2.14 is available)
00:06:06.846 + @radix-ui/react-popover 1.1.4 (1.1.15 is available)
00:06:06.846 + @radix-ui/react-progress 1.1.1 (1.1.8 is available)
00:06:06.846 + @radix-ui/react-radio-group 1.2.2 (1.3.8 is available)
00:06:06.846 + @radix-ui/react-scroll-area 1.2.2 (1.2.10 is available)
00:06:06.846 + @radix-ui/react-select 2.1.4 (2.2.6 is available)
00:06:06.846 + @radix-ui/react-separator 1.1.1 (1.1.8 is available)
00:06:06.846 + @radix-ui/react-slider 1.2.2 (1.3.6 is available)
00:06:06.846 + @radix-ui/react-slot 1.1.1 (1.2.4 is available)
00:06:06.846 + @radix-ui/react-switch 1.1.2 (1.2.6 is available)
00:06:06.846 + @radix-ui/react-tabs 1.1.2 (1.1.13 is available)
00:06:06.846 + @radix-ui/react-toast 1.2.4 (1.2.15 is available)
00:06:06.846 + @radix-ui/react-toggle 1.1.1 (1.1.10 is available)
00:06:06.846 + @radix-ui/react-toggle-group 1.1.1 (1.1.11 is available)
00:06:06.846 + @radix-ui/react-tooltip 1.1.6 (1.2.8 is available)
00:06:06.846 + @vercel/analytics 1.3.1 (1.6.1 is available)
00:06:06.846 + autoprefixer 10.4.23
00:06:06.846 + class-variance-authority 0.7.1
00:06:06.846 + clsx 2.1.1
00:06:06.846 + cmdk 1.0.4 (1.1.1 is available)
00:06:06.846 + date-fns 4.1.0
00:06:06.846 + embla-carousel-react 8.5.1 (8.6.0 is available)
00:06:06.847 + input-otp 1.4.1 (1.4.2 is available)
00:06:06.847 + lucide-react 0.454.0 (0.562.0 is available)
00:06:06.847 + next 16.0.10 (16.1.1 is available)
00:06:06.849 + next-themes 0.4.6
00:06:06.849 + react 19.2.0 (19.2.3 is available)
00:06:06.850 + react-day-picker 9.8.0 (9.13.0 is available)
00:06:06.850 + react-dom 19.2.0 (19.2.3 is available)
00:06:06.850 + react-hook-form 7.69.0
00:06:06.850 + react-markdown 10.1.0
00:06:06.850 + react-resizable-panels 2.1.9 (4.1.0 is available)
00:06:06.850 + recharts 2.15.4 (3.6.0 is available)
00:06:06.850 + sonner 1.7.4 (2.0.7 is available)
00:06:06.850 + tailwind-merge 3.4.0
00:06:06.850 + tailwindcss-animate 1.0.7
00:06:06.850 + vaul 1.1.2
00:06:06.850 + zod 3.25.76 (4.2.1 is available)
00:06:06.850 
00:06:06.850 devDependencies:
00:06:06.850 + @tailwindcss/postcss 4.1.18
00:06:06.850 + @types/node 22.19.3 (25.0.3 is available)
00:06:06.850 + @types/react 19.2.7
00:06:06.850 + @types/react-dom 19.2.3
00:06:06.850 + postcss 8.5.6
00:06:06.850 + tailwindcss 4.1.18
00:06:06.850 + tw-animate-css 1.3.3 (1.4.0 is available)
00:06:06.850 + typescript 5.9.3
00:06:06.850 
00:06:06.851  WARN  Issues with peer dependencies found
00:06:06.851 .
00:06:06.851 └─┬ @clerk/nextjs 6.36.5
00:06:06.851   ├── ✕ unmet peer react@"^18.0.0 || ~19.0.3 || ~19.1.4 || ~19.2.3 || ~19.3.0-0": found 19.2.0
00:06:06.851   ├── ✕ unmet peer react-dom@"^18.0.0 || ~19.0.3 || ~19.1.4 || ~19.2.3 || ~19.3.0-0": found 19.2.0
00:06:06.851   ├─┬ @clerk/types 4.101.9
00:06:06.851   │ └─┬ @clerk/shared 3.41.1
00:06:06.851   │   ├── ✕ unmet peer react@"^18.0.0 || ~19.0.3 || ~19.1.4 || ~19.2.3 || ~19.3.0-0": found 19.2.0
00:06:06.851   │   └── ✕ unmet peer react-dom@"^18.0.0 || ~19.0.3 || ~19.1.4 || ~19.2.3 || ~19.3.0-0": found 19.2.0
00:06:06.851   └─┬ @clerk/clerk-react 5.59.2
00:06:06.851     ├── ✕ unmet peer react@"^18.0.0 || ~19.0.3 || ~19.1.4 || ~19.2.3 || ~19.3.0-0": found 19.2.0
00:06:06.852     └── ✕ unmet peer react-dom@"^18.0.0 || ~19.0.3 || ~19.1.4 || ~19.2.3 || ~19.3.0-0": found 19.2.0
00:06:06.852 
00:06:06.859 Done in 16.4s using pnpm v9.15.9
00:06:06.944 Detected Next.js version: 16.0.10
00:06:07.000 Running "pnpm run build"
00:06:07.414 
00:06:07.414 > my-v0-project@0.1.0 build /vercel/path0
00:06:07.415 > next build
00:06:07.415 
00:06:08.067 Attention: Next.js now collects completely anonymous telemetry regarding usage.
00:06:08.068 This information is used to shape Next.js' roadmap and prioritize features.
00:06:08.068 You can learn more, including how to opt-out if you'd not like to participate in this anonymous program, by visiting the following URL:
00:06:08.068 https://nextjs.org/telemetry
00:06:08.069 
00:06:08.083    ▲ Next.js 16.0.10 (Turbopack)
00:06:08.083 
00:06:08.092  ⚠ The "middleware" file convention is deprecated. Please use "proxy" instead. Learn more: https://nextjs.org/docs/messages/middleware-to-proxy
00:06:08.115    Creating an optimized production build ...
00:06:19.297  ✓ Compiled successfully in 10.8s
00:06:19.299    Skipping validation of types
00:06:19.454    Collecting page data using 1 worker ...
00:06:20.067    Generating static pages using 1 worker (0/5) ...
00:06:20.569 Error occurred prerendering page "/user-profile". Read more: https://nextjs.org/docs/messages/prerender-error
00:06:20.572 Error: @clerk/clerk-react: Missing publishableKey. You can get your key at https://dashboard.clerk.com/last-active?path=api-keys.
00:06:20.572     at ignore-listed frames {
00:06:20.572   digest: '476971382'
00:06:20.572 }
00:06:20.573 Export encountered an error on /(auth)/user-profile/page: /user-profile, exiting the build.
00:06:20.587  ⨯ Next.js build worker exited with code: 1 and signal: null
00:06:20.611  ELIFECYCLE  Command failed with exit code 1.
00:06:20.642 Error: Command "pnpm run build" exited with 1